// Jest Snapshot v1, https://goo.gl/fbAQLP

exports[`Replaces size (maybe? or just removes it?) 1`] = `
"import { Avatar } from "@react/experimental-s2";
let size = 75;
let props = {size: 100};

<div>
  <Avatar src="https://i.imgur.com/kJOwAdv.png" alt="avatar with custom size" />
  <Avatar src="https://i.imgur.com/kJOwAdv.png" alt="avatar with custom size" />
  <Avatar
    src="https://i.imgur.com/kJOwAdv.png"
    alt="avatar with custom size"
    // TODO(S2-upgrade): check this spread for style props
    {...props} />
</div>"
`;
