// Jest Snapshot v1, https://goo.gl/fbAQLP

exports[`Does nothing 1`] = `
"import { Button, ButtonGroup } from "@react-spectrum/s2";

<div>
  <ButtonGroup>
    <Button variant="accent">Rate Now</Button>
  </ButtonGroup>
</div>"
`;
