// Jest Snapshot v1, https://goo.gl/fbAQLP

exports[`Does nothing 1`] = `
"import {Calendar} from '@adobe/react-spectrum';

<div>
  <Calendar aria-label="Event date" />
</div>"
`;
