// Jest Snapshot v1, https://goo.gl/fbAQLP

exports[`Does nothing 1`] = `
"import { Checkbox } from "@react-spectrum/s2";

<div>
  <Checkbox>Unsubscribe</Checkbox>
</div>"
`;
