// Jest Snapshot v1, https://goo.gl/fbAQLP

exports[`No change 1`] = `
"import { ColorSwatch } from "@react-spectrum/s2";

<ColorSwatch color="#f00" />"
`;
