// Jest Snapshot v1, https://goo.gl/fbAQLP

exports[`Replaces size prop with macro size value 1`] = `
"import { ColorArea } from "@react-spectrum/s2";
import { style } from "@react-spectrum/s2/style" with { type: "macro" };
let size = 75;
let props = {size: 100};

<>
  <ColorArea defaultValue="#7f0000" styles={style({
    size: 96
  })} />
  <ColorArea defaultValue="#7f0000" styles={style({
    size: "[50px]"
  })} />
  <ColorArea defaultValue="#7f0000" // TODO(S2-upgrade): update this style prop
  size={size} />
  <ColorArea defaultValue="#7f0000" // TODO(S2-upgrade): check this spread for style props
  {...props} />
</>"
`;
