// Jest Snapshot v1, https://goo.gl/fbAQLP

exports[`No change 1`] = `
"import { Content, ContextualHelp, Heading, TextField } from "@react-spectrum/s2";
<TextField
  label="Password"
  type="password"
  contextualHelp={
    <ContextualHelp>
      <Heading>Need help?</Heading>
      <Content>
        If you're having trouble accessing your account, contact our customer
        support team for help.
      </Content>
    </ContextualHelp>
  }
/>"
`;
