// Jest Snapshot v1, https://goo.gl/fbAQLP

exports[`Does nothing 1`] = `
"import {DateRangePicker} from '@adobe/react-spectrum';

<div>
  <DateRangePicker label="Event date range" />
</div>"
`;
