// Jest Snapshot v1, https://goo.gl/fbAQLP

exports[`Does nothing 1`] = `
"import { ActionButton, Text, AlertDialog, DialogContainer } from "@react-spectrum/s2";

function Example(props) {
  let [isOpen, setOpen] = React.useState(false);

  return (<>
    <ActionButton onPress={() => setOpen(true)}>
      <Text>Delete</Text>
    </ActionButton>
    <DialogContainer onDismiss={() => setOpen(false)} // TODO(S2-upgrade): check this spread for style props
    {...props}>
      {isOpen &&
        <AlertDialog
          title="Delete"
          variant="destructive"
          primaryActionLabel="Delete">
          Are you sure you want to delete this item?
        </AlertDialog>
      }
    </DialogContainer>
  </>);
}"
`;
