// Jest Snapshot v1, https://goo.gl/fbAQLP

exports[`Remove Icon and tells people to use compiler? import as svg? 1`] = `
"import {Icon} from '@adobe/react-spectrum';

function CustomIcon(props) {
  return (
    <Icon {...props}>
      <svg viewBox="0 0 36 36">
        <path d="M18.477.593,22.8,12.029l12.212.578a.51.51,0,0,1,.3.908l-9.54,7.646,3.224,11.793a.51.51,0,0,1-.772.561L18,26.805,7.78,33.515a.51.51,0,0,1-.772-.561l3.224-11.793L.692,13.515a.51.51,0,0,1,.3-.908L13.2,12.029,17.523.593A.51.51,0,0,1,18.477.593Z" />
      </svg>
    </Icon>
  );
}"
`;
