// Jest Snapshot v1, https://goo.gl/fbAQLP

exports[`Renames variants 1`] = `
"import { ProgressCircle } from "@react/experimental-s2";
<div>
  <ProgressCircle staticColor="white"/>
</div>"
`;
