// Jest Snapshot v1, https://goo.gl/fbAQLP

exports[`Does nothing 1`] = `
"import { Radio } from "@react-spectrum/s2";

<div>
  <Radio>Unsubscribe</Radio>
</div>"
`;
