// Jest Snapshot v1, https://goo.gl/fbAQLP

exports[`Renames variants 1`] = `
"// import {TableView, TableHeader, TableBody, Column, Row, Cell} from '@adobe/react-spectrum';

<div>
</div>"
`;
