// Jest Snapshot v1, https://goo.gl/fbAQLP

exports[`Renames variants 1`] = `
"// import {Button} from '@adobe/react-spectrum';

<div>
</div>"
`;
