// Jest Snapshot v1, https://goo.gl/fbAQLP

exports[`Renames variants 1`] = `
"import { Button } from "@react/experimental-s2";

<div>
  <Button variant="accent">Test</Button>
  <Button variant="primary" staticColor="white">Test</Button>
</div>"
`;
