// Jest Snapshot v1, https://goo.gl/fbAQLP

exports[`Does nothing 1`] = `
"import { ActionButton } from "@react-spectrum/s2";
<div>
  <ActionButton>Click me</ActionButton>
</div>"
`;
