// Jest Snapshot v1, https://goo.gl/fbAQLP

exports[`Does nothing 1`] = `
"import {Provider, defaultTheme} from '@adobe/react-spectrum';

<Provider theme={defaultTheme} locale="en-US">
  Test
</Provider>"
`;
